{
  "version": "1.5.0",
  "plugins_used": [
    {
      "name": "ArtifactoryDetector"
    },
    {
      "name": "AWSKeyDetector"
    },
    {
      "name": "AzureStorageKeyDetector"
    },
    {
      "name": "Base64HighEntropyString",
      "limit": 4.5
    },
    {
      "name": "BasicAuthDetector"
    },
    {
      "name": "CloudantDetector"
    },
    {
      "name": "DiscordBotTokenDetector"
    },
    {
      "name": "GitHubTokenDetector"
    },
    {
      "name": "GitLabTokenDetector"
    },
    {
      "name": "HexHighEntropyString",
      "limit": 3.0
    },
    {
      "name": "IbmCloudIamDetector"
    },
    {
      "name": "IbmCosHmacDetector"
    },
    {
      "name": "IPPublicDetector"
    },
    {
      "name": "JwtTokenDetector"
    },
    {
      "name": "KeywordDetector",
      "keyword_exclude": ""
    },
    {
      "name": "MailchimpDetector"
    },
    {
      "name": "NpmDetector"
    },
    {
      "name": "OpenAIDetector"
    },
    {
      "name": "PrivateKeyDetector"
    },
    {
      "name": "PypiTokenDetector"
    },
    {
      "name": "SendGridDetector"
    },
    {
      "name": "SlackDetector"
    },
    {
      "name": "SoftlayerDetector"
    },
    {
      "name": "SquareOAuthDetector"
    },
    {
      "name": "StripeDetector"
    },
    {
      "name": "TelegramBotTokenDetector"
    },
    {
      "name": "TwilioKeyDetector"
    }
  ],
  "filters_used": [
    {
      "path": "detect_secrets.filters.allowlist.is_line_allowlisted"
    },
    {
      "path": "detect_secrets.filters.common.is_baseline_file",
      "filename": ".secrets.baseline"
    },
    {
      "path": "detect_secrets.filters.common.is_ignored_due_to_verification_policies",
      "min_level": 2
    },
    {
      "path": "detect_secrets.filters.heuristic.is_indirect_reference"
    },
    {
      "path": "detect_secrets.filters.heuristic.is_likely_id_string"
    },
    {
      "path": "detect_secrets.filters.heuristic.is_lock_file"
    },
    {
      "path": "detect_secrets.filters.heuristic.is_not_alphanumeric_string"
    },
    {
      "path": "detect_secrets.filters.heuristic.is_potential_uuid"
    },
    {
      "path": "detect_secrets.filters.heuristic.is_prefixed_with_dollar_sign"
    },
    {
      "path": "detect_secrets.filters.heuristic.is_sequential_string"
    },
    {
      "path": "detect_secrets.filters.heuristic.is_swagger_file"
    },
    {
      "path": "detect_secrets.filters.heuristic.is_templated_secret"
    },
    {
      "path": "detect_secrets.filters.regex.should_exclude_file",
      "pattern": [
        "\\.pyc$|node_modules|\\.git|__pycache__"
      ]
    }
  ],
  "results": {
    "benchmarking\\handoff_bench.py": [
      {
        "type": "Base64 High Entropy String",
        "filename": "benchmarking\\handoff_bench.py",
        "hashed_secret": "559e1ea36d1ee6a7e64ad033dfa7ef322bada29f",
        "is_verified": false,
        "line_number": 60
      }
    ],
    "benchmarking\\stress_test.py": [
      {
        "type": "Secret Keyword",
        "filename": "benchmarking\\stress_test.py",
        "hashed_secret": "16cf32b719682f58083cc3afc2be78e201482ed4",
        "is_verified": false,
        "line_number": 22
      }
    ],
    "config\\integrity_hashes.json": [
      {
        "type": "Hex High Entropy String",
        "filename": "config\\integrity_hashes.json",
        "hashed_secret": "812f22afe8465f9b1c9555bb2f14f6c19a469f48",
        "is_verified": false,
        "line_number": 2
      },
      {
        "type": "Hex High Entropy String",
        "filename": "config\\integrity_hashes.json",
        "hashed_secret": "cee5151e7a29c5bdde2a4eeac374ccd6856fcc6c",
        "is_verified": false,
        "line_number": 3
      }
    ],
    "tests\\test_agent3_rag_mtbf.py": [
      {
        "type": "Secret Keyword",
        "filename": "tests\\test_agent3_rag_mtbf.py",
        "hashed_secret": "980e9cb90f9550f4d2a9dcc9df296bfe9a823b3b",
        "is_verified": false,
        "line_number": 56
      }
    ]
  },
  "generated_at": "2026-08-19T15:40:02Z"
}
