2026-05-12 22:38:59 | [INFO] | EMBEDDER | Initializing isolated CPU embedding matrix...
2026-05-12 22:39:12 | [INFO] | EMBEDDER | all-MiniLM-L6-v2 loaded in 12818.61ms.
2026-05-12 22:39:21 | [INFO] | VAULT | Layer 2 Online. 1106 sectors secured.
2026-05-12 22:39:37 | [INFO] | EMBEDDER | Initializing isolated CPU embedding matrix...
2026-05-12 22:39:46 | [INFO] | EMBEDDER | all-MiniLM-L6-v2 loaded in 9119.62ms.
2026-05-12 22:39:46 | [INFO] | CLIENT | Initializing Peridot Sovereign Kernel Client...
2026-05-12 22:39:47 | [INFO] | CLIENT | Neural Link Established [OK]
2026-05-12 22:39:47 | [INFO] | VAULT | Layer 2 Online. 1106 sectors secured.
2026-05-12 22:39:47 | [INFO] | CLIENT | Handing control to User Interface...
2026-05-12 22:41:16 | [INFO] | VRAM_STATE | Action: ROUTING | Free: 2048MB | Latency: 0.00ms
2026-05-12 22:41:16 | [INFO] | EMBEDDER | Query vectorized in 135.29ms.
2026-05-12 22:41:16 | [INFO] | ROUTER | L1 MISS. Searching L2 Vault...
2026-05-12 22:41:16 | [INFO] | ROUTER | L2 HIT. Context injected into final prompt.
2026-05-12 22:41:18 | [INFO] | INFERENCE  | Tokens: 68 | Time: 2.24s | Speed: 30.29 t/s
2026-05-12 22:41:18 | [INFO] | CACHE_WRITE | L1_Ephemeral | Query: Who is J. R. R. Tolkien?
2026-05-12 22:41:39 | [INFO] | VRAM_STATE | Action: ROUTING | Free: 2032MB | Latency: 0.00ms
2026-05-12 22:41:39 | [INFO] | EMBEDDER | Query vectorized in 12.03ms.
2026-05-12 22:41:39 | [INFO] | CACHE_HIT | L1_Ephemeral | Score: 0.9387089014053345 | Query: whos J R R Tolkien
2026-05-12 22:41:39 | [INFO] | ROUTER | L1 Cache HIT. Bypassing GPU entirely.
2026-05-12 22:41:49 | [INFO] | VRAM_STATE | Action: ROUTING | Free: 2032MB | Latency: 0.00ms
2026-05-12 22:41:49 | [INFO] | EMBEDDER | Query vectorized in 12.12ms.
2026-05-12 22:41:49 | [INFO] | CACHE_MISS | L1_Ephemeral | Score: 0.14780765771865845 | Query: tell me what you know
2026-05-12 22:41:49 | [INFO] | ROUTER | L1 MISS. Searching L2 Vault...
2026-05-12 22:41:49 | [INFO] | ROUTER | L2 HIT. Context injected into final prompt.
2026-05-12 22:41:57 | [INFO] | INFERENCE  | Tokens: 379 | Time: 8.47s | Speed: 44.77 t/s
2026-05-12 22:41:57 | [INFO] | CACHE_WRITE | L1_Ephemeral | Query: tell me what you know
2026-05-12 22:42:51 | [INFO] | VRAM_STATE | Action: ROUTING | Free: 2124MB | Latency: 0.00ms
2026-05-12 22:42:51 | [INFO] | EMBEDDER | Query vectorized in 13.56ms.
2026-05-12 22:42:51 | [INFO] | CACHE_MISS | L1_Ephemeral | Score: 0.37895697355270386 | Query: When did he die?
2026-05-12 22:42:51 | [INFO] | ROUTER | L1 MISS. Searching L2 Vault...
2026-05-12 22:42:51 | [INFO] | ROUTER | L2 HIT. Context injected into final prompt.
2026-05-12 22:42:53 | [INFO] | INFERENCE  | Tokens: 29 | Time: 1.89s | Speed: 15.36 t/s
2026-05-12 22:42:53 | [INFO] | CACHE_WRITE | L1_Ephemeral | Query: When did he die?
2026-05-12 22:44:25 | [INFO] | VRAM_STATE | Action: ROUTING | Free: 2038MB | Latency: 0.00ms
2026-05-12 22:44:25 | [INFO] | EMBEDDER | Query vectorized in 13.56ms.
2026-05-12 22:44:25 | [INFO] | CACHE_MISS | L1_Ephemeral | Score: 0.27755287289619446 | Query: Unfortuntate
2026-05-12 22:44:25 | [INFO] | ROUTER | L1 MISS. Searching L2 Vault...
2026-05-12 22:44:25 | [INFO] | ROUTER | L2 HIT. Context injected into final prompt.
2026-05-12 22:44:29 | [INFO] | INFERENCE  | Tokens: 113 | Time: 3.38s | Speed: 33.47 t/s
2026-05-12 22:44:29 | [INFO] | CACHE_WRITE | L1_Ephemeral | Query: Unfortuntate
